[
  {
    "customer_id": "customer_001",
    "id": "order_001",
    "items": [
      {
        "price": 19.99,
        "product_id": "book_123",
        "quantity": 1
      }
    ],
    "tax": 0.15
  },
  {
    "customer_id": "customer_001",
    "id": "order_002",
    "items": null,
    "tax": 0.2
  }
]
