[
  {
    "age": 30,
    "email": "john.doe@mdb.test",
    "name": "Alice",
    "status": "inactive"
  },
  {
    "age": 25,
    "email": "john.doe@mdb.test",
    "name": "Louis",
    "status": "active"
  }
]
